// Jest Snapshot v1, https://goo.gl/fbAQLP

exports[`ProductCard should render correctly 1`] = `
<View
  accessible={true}
  focusable={true}
  onClick={[Function]}
  onResponderGrant={[Function]}
  onResponderMove={[Function]}
  onResponderRelease={[Function]}
  onResponderTerminate={[Function]}
  onResponderTerminationRequest={[Function]}
  onStartShouldSetResponder={[Function]}
  style={
    Object {
      "opacity": 1,
    }
  }
>
  <View
    style={
      Object {
        "alignItems": "center",
        "flexDirection": "row",
        "marginVertical": 15,
        "width": "100%",
      }
    }
  >
    <View
      style={
        Object {
          "position": "relative",
        }
      }
    >
      <View>
        <Image
          source={
            Object {
              "uri": "https://lp2.hm.com/hmgoepprod?set=source[/83/b3/83b356d257923dc276fc2138e29370e7bf22b7c1.jpg],origin[dam],category[],type[DESCRIPTIVESTILLLIFE],res[m],hmver[2]&call=url[file:/product/style]",
            }
          }
          style={
            Object {
              "borderRadius": 30,
              "height": 150,
              "width": 150,
            }
          }
        />
      </View>
    </View>
    <View
      style={
        Object {
          "alignItems": "flex-start",
          "flex": 1,
          "flexGrow": 1,
          "marginHorizontal": 15,
        }
      }
    >
      <Text
        style={
          Array [
            Object {
              "color": "#000",
              "fontFamily": "Balsamiq Sans",
            },
            Object {
              "marginVertical": 10,
            },
          ]
        }
      >
        Oversized Hooded Jacket
         
      </Text>
      <View
        style={
          Object {
            "flexDirection": "row",
          }
        }
      >
        <View
          style={
            Object {
              "alignItems": "center",
              "display": "flex",
              "flexDirection": "row",
              "justifyContent": "center",
            }
          }
        >
          <Text
            style={
              Array [
                Object {
                  "color": "#000",
                  "fontFamily": "Balsamiq Sans",
                },
                Object {
                  "color": "#ee7e58",
                  "fontSize": 25,
                  "fontWeight": "bold",
                  "marginEnd": 7,
                },
              ]
            }
          >
            $
          </Text>
          <Text
            style={
              Array [
                Object {
                  "color": "#000",
                  "fontFamily": "Balsamiq Sans",
                },
                Object {
                  "fontSize": 17,
                  "fontWeight": "bold",
                },
              ]
            }
          >
            29.99
          </Text>
        </View>
      </View>
      <View
        style={
          Object {
            "flexDirection": "row",
            "justifyContent": "space-between",
            "width": "100%",
          }
        }
      >
        <Text
          style={
            Array [
              Object {
                "color": "#000",
                "fontFamily": "Balsamiq Sans",
              },
              Object {
                "flexDirection": "row",
                "justifyContent": "flex-start",
                "marginVertical": 5,
              },
            ]
          }
        >
          Size: 
        </Text>
        <View
          style={
            Object {
              "flexDirection": "row",
              "justifyContent": "flex-start",
              "marginVertical": 5,
            }
          }
        >
          <Text
            style={
              Array [
                Object {
                  "color": "#000",
                  "fontFamily": "Balsamiq Sans",
                },
                undefined,
              ]
            }
          >
            Color: 
          </Text>
          <View
            style={
              Object {
                "backgroundColor": undefined,
                "borderColor": "#aaa",
                "borderRadius": 10,
                "borderWidth": 1,
                "height": 20,
                "marginBottom": 10,
                "marginEnd": 10,
                "width": 20,
              }
            }
          />
        </View>
      </View>
    </View>
  </View>
</View>
`;
